2023-04-18 13:30:02 [    INFO] Begin test_add_todo[chromium-first] (logger.py:15)
2023-04-18 13:30:02 [   DEBUG] End test_add_todo[chromium-first] (logger.py:12)
2023-04-18 13:30:02 [    INFO] Begin test_add_todo_with_off_focus[chromium] (logger.py:15)
2023-04-18 13:30:03 [   DEBUG] End test_add_todo_with_off_focus[chromium] (logger.py:12)
2023-04-18 13:30:03 [    INFO] Begin test_should_not_add_empty_todos[chromium] (logger.py:15)
2023-04-18 13:30:03 [   DEBUG] End test_should_not_add_empty_todos[chromium] (logger.py:12)
2023-04-18 13:30:03 [    INFO] Begin test_todo_completed[chromium] (logger.py:15)
2023-04-18 13:30:03 [   DEBUG] End test_todo_completed[chromium] (logger.py:12)
2023-04-18 13:30:03 [    INFO] Begin test_todo_deleted[chromium] (logger.py:15)
2023-04-18 13:30:04 [   DEBUG] End test_todo_deleted[chromium] (logger.py:12)
2023-04-18 13:30:04 [    INFO] Begin test_counter_displays_nb_of_todos[chromium] (logger.py:15)
2023-04-18 13:30:04 [   DEBUG] End test_counter_displays_nb_of_todos[chromium] (logger.py:12)
2023-04-18 13:30:05 [    INFO] Begin test_data_persists_on_local_storage[chromium] (logger.py:15)
2023-04-18 13:30:05 [   DEBUG] End test_data_persists_on_local_storage[chromium] (logger.py:12)
2023-04-18 13:30:05 [    INFO] Begin test_filters_all_default[chromium] (logger.py:15)
2023-04-18 13:30:05 [   DEBUG] End test_filters_all_default[chromium] (logger.py:12)
2023-04-18 13:30:05 [    INFO] Begin test_filters_completed[chromium] (logger.py:15)
2023-04-18 13:30:06 [   DEBUG] End test_filters_completed[chromium] (logger.py:12)
2023-04-18 13:30:06 [    INFO] Begin test_filters_active[chromium] (logger.py:15)
2023-04-18 13:30:06 [   DEBUG] End test_filters_active[chromium] (logger.py:12)
2023-04-18 13:30:06 [    INFO] Begin test_start_with_data_from_storage[chromium] (logger.py:15)
2023-04-18 13:30:06 [   DEBUG] End test_start_with_data_from_storage[chromium] (logger.py:12)
2023-04-18 13:30:06 [    INFO] Begin test_add_todo[chromium] (logger.py:15)
2023-04-18 13:30:07 [   DEBUG] End test_add_todo[chromium] (logger.py:12)
2023-04-18 13:30:07 [    INFO] Begin test_add_todo[chromium] (logger.py:15)
2023-04-18 13:30:07 [   DEBUG] Desert Rain Frog. (logger.py:12)
2023-04-18 13:30:07 [   DEBUG] End test_add_todo[chromium] (logger.py:12)
2023-04-18 13:30:07 [    INFO] Begin test_add_todo_2[chromium] (logger.py:15)
2023-04-18 13:30:07 [   DEBUG] 1:00 Hedgehog. (logger.py:12)
2023-04-18 13:30:07 [   DEBUG] End test_add_todo_2[chromium] (logger.py:12)
2023-04-18 13:30:07 [   DEBUG] Opened a session shared browser context (logger.py:12)
2023-04-18 13:30:07 [    INFO] Begin test_memory[chromium] (logger.py:15)
2023-04-18 13:30:07 [   DEBUG] This page has been opened from session shared browser context (logger.py:12)
2023-04-18 13:30:08 [   DEBUG] Browser context Key: cookies Value: [] (logger.py:12)
2023-04-18 13:30:08 [   DEBUG] Browser context Key: origins Value: [{'origin': 'https://todomvc.com', 'localStorage': [{'name': 'todos-vanillajs', 'value': '[]'}]}] (logger.py:12)
2023-04-18 13:30:08 [   DEBUG] [] (logger.py:12)
2023-04-18 13:30:08 [   DEBUG] Browser context Key: cookies Value: [] (logger.py:12)
2023-04-18 13:30:08 [   DEBUG] Browser context Key: origins Value: [{'origin': 'https://todomvc.com', 'localStorage': [{'name': 'todos-vanillajs', 'value': '[{"title":"Mandrill.","completed":false,"id":1681813808053}]'}]}] (logger.py:12)
2023-04-18 13:30:08 [   DEBUG] [{"title":"Mandrill.","completed":false,"id":1681813808053}] (logger.py:12)
2023-04-18 13:30:08 [   DEBUG] Browser context Key: cookies Value: [{'name': '_ga', 'value': 'GA1.2.1671274248.1681813808', 'domain': '.todomvc.com', 'path': '/', 'expires': 1716373808.322065, 'httpOnly': False, 'secure': False, 'sameSite': 'Lax'}, {'name': '_gid', 'value': 'GA1.2.1663436135.1681813808', 'domain': '.todomvc.com', 'path': '/', 'expires': 1681900208, 'httpOnly': False, 'secure': False, 'sameSite': 'Lax'}, {'name': '_gat', 'value': '1', 'domain': '.todomvc.com', 'path': '/', 'expires': 1681813868, 'httpOnly': False, 'secure': False, 'sameSite': 'Lax'}] (logger.py:12)
2023-04-18 13:30:08 [   DEBUG] Browser context Key: origins Value: [{'origin': 'https://todomvc.com', 'localStorage': [{'name': 'todos-vanillajs', 'value': '[{"title":"Mandrill.","completed":false,"id":1681813808053}]'}]}] (logger.py:12)
2023-04-18 13:30:08 [   DEBUG] [{"title":"Mandrill.","completed":false,"id":1681813808053}] (logger.py:12)
2023-04-18 13:30:08 [   DEBUG] Browser context Key: cookies Value: [{'name': '_ga', 'value': 'GA1.2.1671274248.1681813808', 'domain': '.todomvc.com', 'path': '/', 'expires': 1716373808.322065, 'httpOnly': False, 'secure': False, 'sameSite': 'Lax'}, {'name': '_gid', 'value': 'GA1.2.1663436135.1681813808', 'domain': '.todomvc.com', 'path': '/', 'expires': 1681900208, 'httpOnly': False, 'secure': False, 'sameSite': 'Lax'}, {'name': '_gat', 'value': '1', 'domain': '.todomvc.com', 'path': '/', 'expires': 1681813868, 'httpOnly': False, 'secure': False, 'sameSite': 'Lax'}] (logger.py:12)
2023-04-18 13:30:08 [   DEBUG] Browser context Key: origins Value: [{'origin': 'https://todomvc.com', 'localStorage': [{'name': 'todos-vanillajs', 'value': '[{"title":"Mandrill.","completed":false,"id":1681813808053},{"title":"Honduran White Bat.","completed":false,"id":1681813808399}]'}]}] (logger.py:12)
2023-04-18 13:30:08 [   DEBUG] [{"title":"Mandrill.","completed":false,"id":1681813808053},{"title":"Honduran White Bat.","completed":false,"id":1681813808399}] (logger.py:12)
2023-04-18 13:30:08 [   DEBUG] End test_memory[chromium] (logger.py:12)
2023-04-18 13:30:08 [    INFO] Begin test_add_todo[chromium-foobarbaz] (logger.py:15)
2023-04-18 13:30:08 [   DEBUG] End test_add_todo[chromium-foobarbaz] (logger.py:12)
